// Jest Snapshot v1, https://goo.gl/fbAQLP

exports[`Core: index renders 1`] = `
<RenderPage
  initPath="/core/color"
  path="/core"
/>
`;
