// Jest Snapshot v1, https://goo.gl/fbAQLP

exports[`GettingStarted: JavascriptDocs AboutInit renders 1`] = `
<Fragment>
  <h2
    id="about-init"
  >
    When to initialize
  </h2>
  <p>
    Our script runs 
    <DgScript
      component="script"
      func="initAll"
    />
     on DOMContentLoaded making it so you have to run 
    <DgScript
      component="<component_name>"
      func="init"
    />
     manually when a component is rendered after the event has fired.
  </p>
  <h3>
    Manual initializing
  </h3>
  <p>
    To initialize components use 
    <DgScript
      component="<component_name>"
      func="init"
    />
    . If the function is called without arguments it will target all components with class 
    <CodeTags
      code="<component_name>"
      type="secondary"
    />
     on the page. Initializing only one component can be done by passing an ID, it must match an existing components ID and will print a warning message if the value is invalid.
  </p>
  <p>
    If only one component is initialized then the init function will return one object. If several components are initialized it will return an array of objects.
  </p>
  <ComponentPreview
    codeFigure={true}
    language="javascript"
  >
    dg.component.init();

    dg.component.init("demo-component-id");

  </ComponentPreview>
  <Alert
    type="warning"
  >
    Additional functions is available for some components. Read about them on the components documentation page.
  </Alert>
</Fragment>
`;

exports[`GettingStarted: JavascriptDocs renders 1`] = `
<DocContainer
  docToc={true}
>
  <p
    className="lead"
  >
    How to utilize our 
    <DgScript
      component="<component_name>"
      func="init"
    />
     function.
  </p>
  <AboutInit />
</DocContainer>
`;
