// Jest Snapshot v1, https://goo.gl/fbAQLP

exports[`ComponentsDocumentation: index renders 1`] = `
<RenderPage
  initPath="/components/components"
  path="/components"
/>
`;
