// Jest Snapshot v1, https://goo.gl/fbAQLP

exports[`Resources: Introduction renders 1`] = `
<DocContainer
  docToc={true}
>
  <p
    className="lead"
  >
    Getting started with the 
    TESTBRAND
     Resources. Resources and guidelines on how to use the provided resources can be found here.
  </p>
</DocContainer>
`;
