// Jest Snapshot v1, https://goo.gl/fbAQLP

exports[`Components: Badge Overview renders 1`] = `
<Fragment>
  <h2
    id="overview"
  >
    Overview
  </h2>
  <p>
    Use class 
    <CodeTags
      code=".badge"
      type="secondary"
    />
     along with 
    <CodeTags
      code=".badge-{color}"
      type="secondary"
    />
     to display the badge of your choosing. Badges are often used with numbers. Use 
    <CodeTags
      code=".badge-number"
      type="secondary"
    />
     when a badge suited for use with numbers is desired.
  </p>
  <ComponentPreview
    codeFigure={true}
    language="html"
    removeOuterTag={true}
    showCasePanel={true}
    showCasePanelAdvanced={
      Object {
        "elements": Array [
          Object {
            "component": <BadgeOptions
              id="badge-showcase"
            />,
            "description": "Use the Badge Component Symbol to draw attention to another interface element or to display a notification. It enhances the component to which it is attached with additional information, disclosed to the user upon interacting with it. ",
            "options": Object {
              "radio": Array [
                Object {
                  "id": "badge_type_radio",
                  "title": "Badge Type",
                  "values": Array [
                    Object {
                      "id": "radio-text",
                      "name": "Text",
                      "value": Object {
                        "number": false,
                      },
                    },
                    Object {
                      "id": "radio-numbers",
                      "name": "Number",
                      "value": Object {
                        "number": true,
                      },
                    },
                  ],
                },
              ],
            },
            "title": "Badge",
          },
        ],
        "id": "no-tabs",
      }
    }
  />
  <h3>
    Things to consider
  </h3>
  <ul
    className="list list-bullet"
  >
    <li>
      A normal badge does not feature interaction, use the button component instead.
    </li>
    <li>
      If you want removable badges considering using the tag component instead.
    </li>
    <li>
      Do not use too long labels or whole sentences.
    </li>
    <li>
      If possible, try not to use more than three words.
    </li>
  </ul>
  <h2>
    Do's and Dont's
  </h2>
  <div
    className="row"
  >
    <div
      className="col-lg-6"
    >
      <div
        className="slab slab-plain slab-border-success"
      >
        <h3>
          Do
        </h3>
        <div
          className="d-flex justify-content-center mt-4 mb-4"
        >
          <span
            className="badge badge-yellow-light"
          >
            Transactions
          </span>
        </div>
      </div>
    </div>
    <div
      className="col-lg-6"
    >
      <div
        className="slab slab-plain slab-border-error"
      >
        <h3>
          Don't
        </h3>
        <div
          className="d-flex justify-content-center mt-4 mb-4"
        >
          <span
            className="badge badge-yellow-light"
          >
            Transactions from 2022-2023
          </span>
        </div>
      </div>
    </div>
  </div>
</Fragment>
`;

exports[`Components: Badge renders 1`] = `
<DocContainer
  docToc={true}
>
  <p
    className="lead"
  >
    Badges are small rectangular boxes which can convey a message and or state with their text and color.
  </p>
  <Overview />
</DocContainer>
`;
