// Jest Snapshot v1, https://goo.gl/fbAQLP

exports[`Examples: Sidebar renders 1`] = `
<DocContainer>
  <ComponentPreview
    codeFigure={true}
    language="html"
    showCasePanel={true}
  >
    <div
      className="container-fluid sidebar-example-content"
      id="sidebar-example-content"
    >
      <div
        className="row"
      >
        <Topbar
          id="demo-topbar"
          logout={true}
          wide="xl"
        />
      </div>
      <div
        className="row"
      >
        <div
          className="col-md-3"
        >
          <SidebarComponent
            setActive={[Function]}
            sidebarNavList={
              Array [
                Object {
                  "lastParent": true,
                  "subList": Array [
                    Object {
                      "page": "IntroPage",
                      "pagePosition": "introduction",
                      "title": "Introduction",
                    },
                    Object {
                      "page": "IntroPage",
                      "pagePosition": "faq",
                      "title": "FAQ",
                    },
                  ],
                  "title": "Introduction",
                },
                Object {
                  "lastParent": true,
                  "subList": Array [
                    Object {
                      "page": "LoremIpsum",
                      "pagePosition": "what",
                      "title": "What",
                    },
                    Object {
                      "page": "LoremIpsum",
                      "pagePosition": "why",
                      "title": "Why",
                    },
                    Object {
                      "page": "LoremIpsum",
                      "pagePosition": "where",
                      "title": "Where",
                    },
                    Object {
                      "page": "LoremIpsum",
                      "pagePosition": "where-more",
                      "title": "Where more",
                    },
                  ],
                  "title": "Lorem Ipsum",
                },
                Object {
                  "lastParent": false,
                  "subList": Array [
                    Object {
                      "lastParent": true,
                      "subList": Array [
                        Object {
                          "page": "COOverview",
                          "pagePosition": "customers-introduction",
                          "title": "Introduction",
                        },
                        Object {
                          "page": "COOverview",
                          "pagePosition": "customers-overview",
                          "title": "Customers overview",
                        },
                        Object {
                          "page": "COOverview",
                          "pagePosition": "customers-additional-information",
                          "title": "Additonal information",
                        },
                      ],
                      "title": "Overview",
                    },
                    Object {
                      "lastParent": true,
                      "subList": Array [
                        Object {
                          "page": "CDOrderHistory",
                          "pagePosition": "customers-introduction",
                          "title": "Introduction",
                        },
                        Object {
                          "page": "CDOrderHistory",
                          "pagePosition": "customers-order-history",
                          "title": "Customers order history",
                        },
                        Object {
                          "page": "CDOrderHistory",
                          "pagePosition": "customers-additional-information",
                          "title": "Addtional information",
                        },
                      ],
                      "title": "Order history",
                    },
                    Object {
                      "lastParent": true,
                      "subList": Array [
                        Object {
                          "page": "CDInquiries",
                          "pagePosition": "customers-introduction",
                          "title": "Introduction",
                        },
                        Object {
                          "page": "CDInquiries",
                          "pagePosition": "customers-inquiries",
                          "title": "Customers inquiries",
                        },
                        Object {
                          "page": "CDInquiries",
                          "pagePosition": "customers-additional-information",
                          "title": "Addtional information",
                        },
                      ],
                      "title": "Inquiries",
                    },
                    Object {
                      "lastParent": true,
                      "subList": Array [
                        Object {
                          "page": "CDSummaryCharts",
                          "pagePosition": "customers-introduction",
                          "title": "Introduction",
                        },
                        Object {
                          "page": "CDSummaryCharts",
                          "pagePosition": "customers-summary-charts",
                          "title": "Customers summary charts",
                        },
                        Object {
                          "page": "CDSummaryCharts",
                          "pagePosition": "customers-additional-information",
                          "title": "Addtional information",
                        },
                      ],
                      "title": "Summary charts",
                    },
                  ],
                  "title": "Customers",
                },
              ]
            }
          />
        </div>
        <main
          className="col-md-9 main-content border-left sidebar-example-main"
          id="sidebar-example-main"
        >
          <Introduction />
        </main>
      </div>
    </div>
  </ComponentPreview>
</DocContainer>
`;
