// Jest Snapshot v1, https://goo.gl/fbAQLP

exports[`Component: Checkbox ContentGuidelines renders 1`] = `
<section>
  <h2
    id="content-guidelines"
  >
    Content guidelines
  </h2>
  <div
    className="slab slab-plain"
  >
    <div
      className="d-flex flex-column align-items-center py-5"
    >
      <Checkbox
        group={true}
        groupTitle="Group heading"
        name="radio-guidelines"
        options={
          Array [
            Object {
              "id": "radio-guidelines-example-1",
              "label": "Checkbox label",
            },
            Object {
              "id": "radio-guidelines-example-2",
              "label": "Checkbox label",
            },
            Object {
              "id": "radio-guidelines-example-3",
              "label": "Checkbox label",
            },
          ]
        }
      />
    </div>
  </div>
  <ul
    className="list list-bullet"
  >
    <li>
      The 
      <b>
        Group heading
      </b>
       should descriptive, explaining the context of the options to choose from. 
    </li>
    <li>
      The 
      <b>
        checkbox labels
      </b>
       should be short, to the point and clearly explain the option. It is also preferred to have fewer than three words per label as longer words could extend a label to multiple rows which could disrupt the reading experience.
    </li>
  </ul>
</section>
`;

exports[`Component: Checkbox DeveloperDocumentation renders 1`] = `
<section>
  <h2
    id="developer-documentation"
  >
    Developer documentation
  </h2>
  <span
    className="h3 d-inline-block mt-3"
  >
    Disabled state
  </span>
  <p>
    Disable a checkbox by adding 
    <Tag
      code={true}
      text="disabled"
      type="primary"
    />
     attribute to the desired Checkbox.
  </p>
  <ComponentPreview
    codeFigure={true}
    language="html"
    removeOuterTag={true}
    showCasePanel={true}
  >
    <div
      className="d-flex justify-content-center"
    >
      <Checkbox
        disabled={true}
        id="disabled-example"
        label="Checkbox label"
      />
    </div>
  </ComponentPreview>
  <span
    className="h3 d-inline-block mt-3"
  >
    Error state
  </span>
  <p>
    Insert the error message in the attribute 
    <Tag
      code={true}
      text="data-error"
      type="primary"
    />
     in the 
    <Tag
      code={true}
      text=".help-block"
      type="secondary"
    />
     element. 
  </p>
  <ComponentPreview
    codeFigure={true}
    language="html"
    removeOuterTag={true}
    showCasePanel={true}
  >
    <div
      className="m-auto pl-5 col-sm-12 error-state-container"
    >
      <Checkbox
        errorMessage="Descriptive helpful error message."
        group={true}
        groupTitle="Group heading"
        name="checkbox-group-example"
        options={
          Array [
            Object {
              "id": "error-example-1",
              "label": "Checkbox label",
            },
            Object {
              "id": "error-example-2",
              "label": "Checkbox label",
            },
            Object {
              "id": "error-example-3",
              "label": "Checkbox label",
            },
          ]
        }
      />
    </div>
  </ComponentPreview>
</section>
`;

exports[`Component: Checkbox HowTo renders 1`] = `
<section>
  <h3>
    How to setup checkbox groups
  </h3>
  <div
    className="row"
  >
    <div
      className="col-6"
    >
      <div
        className="slab slab-plain slab-border-success"
      >
        <span
          className="h3"
        >
          Do
        </span>
        <div
          className="d-flex flex-column align-items-center"
        >
          <div
            className="pt-3 pb-4"
          >
            <Checkbox
              group={true}
              groupTitle="Button size"
              name="radio-guidelines"
              options={
                Array [
                  Object {
                    "id": "radio-do-example-1",
                    "label": "Small",
                  },
                  Object {
                    "id": "radio-do-example-2",
                    "label": "Medium",
                  },
                  Object {
                    "id": "radio-do-example-3",
                    "label": "Large",
                  },
                ]
              }
            />
          </div>
        </div>
      </div>
      <p>
        Do use short labels of similar length and sort the options either in a logical or alphabetical order.
      </p>
    </div>
    <div
      className="col-6"
    >
      <div
        className="slab slab-plain slab-border-error"
      >
        <span
          className="h3"
        >
          Don't
        </span>
        <div
          className="d-flex flex-column align-items-center"
        >
          <div
            className="pt-3 pb-3 w-50"
          >
            <Checkbox
              group={true}
              groupTitle="Button size"
              name="radio-guidelines"
              options={
                Array [
                  Object {
                    "id": "radio-dont-example-1",
                    "label": "Super duper tiny small",
                  },
                  Object {
                    "id": "radio-dont-example-2",
                    "label": "Large",
                  },
                  Object {
                    "id": "radio-dont-example-3",
                    "label": "Small",
                  },
                ]
              }
            />
          </div>
        </div>
      </div>
      <p>
        Avoid long labels sorted in an illogical order.
      </p>
    </div>
  </div>
</section>
`;

exports[`Component: Checkbox Overview renders 1`] = `
<section>
  <h2
    id="overview"
  >
    Overview
  </h2>
  <ComponentPreview
    language="html"
    showCasePanel={true}
    showCasePanelAdvanced={
      Object {
        "elements": Array [
          Object {
            "component": <Checkbox
              group={true}
              groupTitle="Group heading"
              name="checkbox-group-example"
              options={
                Array [
                  Object {
                    "id": "radio-example-1",
                    "label": "Checkbox label",
                  },
                  Object {
                    "id": "radio-example-2",
                    "label": "Checkbox label",
                  },
                  Object {
                    "id": "radio-example-3",
                    "label": "Checkbox label",
                  },
                ]
              }
            />,
            "description": "The default setup of the checkbox group always has a label on top which describes the checkbox group and each individual checkbox is then followed by a label which clearly describes what the options and what checking the box represents",
            "options": Object {
              "checkbox": Array [
                Object {
                  "inputs": Array [
                    Object {
                      "id": "checkbox_labels",
                      "name": "Optional",
                      "value": Object {
                        "optional": true,
                      },
                    },
                    Object {
                      "id": "with_help_icon",
                      "name": "With help icon",
                      "value": Object {
                        "tooltip": true,
                      },
                    },
                  ],
                  "title": "Label add on",
                },
              ],
              "radio": Array [
                Object {
                  "id": "state_radio",
                  "title": "State modifiers",
                  "values": Array [
                    Object {
                      "name": "Enabled",
                      "value": Object {
                        "disabled": false,
                      },
                    },
                    Object {
                      "name": "Disabled",
                      "value": Object {
                        "disabled": true,
                      },
                    },
                    Object {
                      "name": "Error",
                      "value": Object {
                        "errorMessage": "Descriptive helpful error message.",
                      },
                    },
                  ],
                },
              ],
            },
            "title": "Checkbox group",
          },
        ],
        "id": "no-tabs",
      }
    }
  />
  <h3>
    When to consider something else
  </h3>
  <ul
    className="list list-bullet"
  >
    <li>
      When you want to present multiple choices where the user can only select one specific option, the 
      <Link
        to="/components/radio-button"
      >
        radio button
      </Link>
       component should be used instead of checkboxes.
    </li>
  </ul>
  <HowTo />
</section>
`;

exports[`Component: Checkbox renders 1`] = `
<DocContainer>
  <section
    id="checkbox-doc"
  >
    <p
      className="lead"
    >
      The checkbox component should be used when the user are presented with a list of options where one or multiple options can be selected by the user.
    </p>
    <Overview />
    <ContentGuidelines />
    <DeveloperDocumentation />
  </section>
</DocContainer>
`;
