// Jest Snapshot v1, https://goo.gl/fbAQLP

exports[`Examples: CustomersDetailedCharts renders 1`] = `
<Fragment>
  <h3>
    Orders
  </h3>
  <h4>
    Historical purchase prices
  </h4>
  <Chart
    id="customers-detailed-charts-1"
    options={
      Object {
        "data": Object {
          "datasets": Array [
            Object {
              "data": Array [
                1000,
                1001,
                1002,
                1003,
              ],
              "fill": false,
              "label": "id1 Customer Name",
            },
            Object {
              "data": Array [
                2000,
                2000,
                2000,
                2000,
              ],
              "fill": false,
              "label": "Customers average",
            },
            Object {
              "data": Array [
                1850,
                1850,
                1850,
                1850,
              ],
              "fill": false,
              "label": "Estimated",
            },
          ],
          "labels": Array [
            "2016",
            "2017",
            "2018",
            "2019",
          ],
        },
        "options": Object {
          "scales": Object {
            "yAxes": Array [
              Object {
                "scaleLabel": Object {
                  "display": true,
                  "labelString": "British Pound (Â£)",
                },
              },
            ],
          },
        },
        "type": "bar",
      }
    }
  />
  <h3>
    Inquiries
  </h3>
  <h4>
    Number of inquiry messages
  </h4>
  <Chart
    id="customers-detailed-charts-2"
    options={
      Object {
        "data": Object {
          "datasets": Array [
            Object {
              "data": Array [
                10,
                10,
                10,
                10,
              ],
              "fill": false,
              "label": "id1 Customer Name",
            },
            Object {
              "data": Array [
                23,
                23,
                23,
                23,
              ],
              "fill": false,
              "label": "Customers average",
            },
          ],
          "labels": Array [
            "01.01.2018",
            "01.01.2017",
            "01.01.2016",
            "01.01.2015",
          ],
        },
        "options": Object {
          "scales": Object {
            "yAxes": Array [
              Object {
                "ticks": Object {
                  "beginAtZero": true,
                },
              },
            ],
          },
        },
        "type": "line",
      }
    }
  />
  <div
    className="row"
  >
    <div
      className="col-lg-6"
    >
      <h4>
        Status distribution
      </h4>
      <Chart
        id="customers-detailed-charts-3"
        options={
          Object {
            "data": Object {
              "datasets": Array [
                Object {
                  "data": Array [
                    4,
                    0,
                    1,
                  ],
                },
              ],
              "labels": Array [
                "Resolved",
                "Unresolved",
                "Unknown",
              ],
            },
            "type": "pie",
          }
        }
      />
    </div>
    <div
      className="col-lg-6"
    >
      <h4>
        Time before response
      </h4>
      <Chart
        id="customers-detailed-charts-4"
        options={
          Object {
            "data": Object {
              "datasets": Array [
                Object {
                  "data": Array [
                    16,
                    12,
                    6,
                    4,
                    2,
                  ],
                },
              ],
              "labels": Array [
                "< 2 days",
                "< 1 week",
                "< 1 month",
                "< 3 months",
                "Other",
              ],
            },
            "type": "pie",
          }
        }
      />
    </div>
  </div>
</Fragment>
`;
