// Jest Snapshot v1, https://goo.gl/fbAQLP

exports[`Utilities: RenderRoutes renders a basic route structure 1`] = `
<Router
  location={
    Object {
      "hash": "",
      "key": "testKey",
      "pathname": "/",
      "search": "",
      "state": null,
    }
  }
  navigationType="POP"
  navigator={
    Object {
      "action": "POP",
      "createHref": [Function],
      "createURL": [Function],
      "encodeLocation": [Function],
      "go": [Function],
      "index": 0,
      "listen": [Function],
      "location": Object {
        "hash": "",
        "key": "testKey",
        "pathname": "/",
        "search": "",
        "state": null,
      },
      "push": [Function],
      "replace": [Function],
    }
  }
>
  <renderRoutes
    appFolder="test"
    path="test"
    redirect="test"
    routes={
      Array [
        Object {
          "component": Object {
            "default": "test-2",
          },
          "path": "test-2",
        },
      ]
    }
  />
</Router>
`;
