// Jest Snapshot v1, https://goo.gl/fbAQLP

exports[`Patterns: index renders 1`] = `
<div
  className="doc-container"
>
  <span
    className="dg-current-version text-uppercase"
  >
    Design Guide â€“ v. 
    10.7.3
  </span>
</div>
`;
