// Jest Snapshot v1, https://goo.gl/fbAQLP

exports[`Core: Favicons HorizontalLogo renders 1`] = `
<Fragment>
  <h2
    id="horizontal-logo"
  >
    Horizontal logo
  </h2>
  <h3>
    Positive horizontal logo
  </h3>
  <ComponentPreview
    codeFigure={true}
    language="html"
    showCasePanel={true}
  >
    <img
      alt="Swedbank Pay horizontal logo"
      src="/TEST/img/swedbankpay-logo.svg"
    />
  </ComponentPreview>
  <ComponentPreview
    codeFigure={true}
    language="html"
    showCasePanel={true}
  >
    <img
      alt="Swedbank Pay horizontal logo"
      src="/TEST/img/swedbankpay-logo.png"
    />
  </ComponentPreview>
</Fragment>
`;

exports[`Core: Favicons OurFavicon renders 1`] = `
<Fragment>
  <h2
    id="our-favicon"
  >
    Our favicon
  </h2>
  <p>
    Our favicon...
  </p>
  <ComponentPreview
    language="html"
    showCasePanel={true}
  >
    <img
      alt="Swedbank Pay favicon"
      src="/TEST/icons/android-chrome-96x96.png"
    />
  </ComponentPreview>
  <p>
    To use our favicons download the zip-file below and extract it to the root of your build-folder. Insert the code below in the 
    <CodeTags
      code="<head>"
      type="primary"
    />
     tag of your html documents and you are ready to go.
  </p>
  <p>
    You should also rename the 
    <CodeTags
      code="content"
      type="secondary"
    />
     of the 
    <CodeTags
      code="apple-mobile-web-app-title"
      type="secondary"
    />
     and 
    <CodeTags
      code="application-name"
      type="secondary"
    />
     
    <CodeTags
      code="<meta>"
      type="primary"
    />
     tags to reflect the title of your project. Make sure to also do this in the 
    <CodeTags
      code="manifest.json"
      type="secondary"
    />
     file in the icons folder.
  </p>
  <Button
    href="/TEST/release/icons.zip"
    icon="file_download"
    label="Download Favicons"
    type="executive"
  />
  <ComponentPreview
    codeFigure={true}
    language="html"
  >
    <link
      href="/icons/apple-touch-icon-114x114.png"
      rel="apple-touch-icon"
      sizes="114x114"
    />
    <link
      href="/icons/apple-touch-icon-120x120.png"
      rel="apple-touch-icon"
      sizes="120x120"
    />
    <link
      href="/icons/apple-touch-icon-144x144.png"
      rel="apple-touch-icon"
      sizes="144x144"
    />
    <link
      href="/icons/apple-touch-icon-152x152.png"
      rel="apple-touch-icon"
      sizes="152x152"
    />
    <link
      href="/icons/apple-touch-icon-180x180.png"
      rel="apple-touch-icon"
      sizes="180x180"
    />
    <link
      href="/icons/apple-touch-icon-57x57.png"
      rel="apple-touch-icon"
      sizes="57x57"
    />
    <link
      href="/icons/apple-touch-icon-60x60.png"
      rel="apple-touch-icon"
      sizes="60x60"
    />
    <link
      href="/icons/apple-touch-icon-72x72.png"
      rel="apple-touch-icon"
      sizes="72x72"
    />
    <link
      href="/icons/apple-touch-icon-76x76.png"
      rel="apple-touch-icon"
      sizes="76x76"
    />
    <link
      href="/icons/apple-touch-startup-image-320x460.png"
      media="(device-width: 320px) and (device-height: 480px) and (-webkit-device-pixel-ratio: 1)"
      rel="apple-touch-startup-image"
    />
    <link
      href="/icons/apple-touch-startup-image-640x920.png"
      media="(device-width: 320px) and (device-height: 480px) and (-webkit-device-pixel-ratio: 2)"
      rel="apple-touch-startup-image"
    />
    <link
      href="/icons/apple-touch-startup-image-640x1096.png"
      media="(device-width: 320px) and (device-height: 568px) and (-webkit-device-pixel-ratio: 2)"
      rel="apple-touch-startup-image"
    />
    <link
      href="/icons/apple-touch-startup-image-750x1294.png"
      media="(device-width: 375px) and (device-height: 667px) and (-webkit-device-pixel-ratio: 2)"
      rel="apple-touch-startup-image"
    />
    <link
      href="/icons/apple-touch-startup-image-1182x2208.png"
      media="(device-width: 414px) and (device-height: 736px) and (orientation: landscape) and (-webkit-device-pixel-ratio: 3)"
      rel="apple-touch-startup-image"
    />
    <link
      href="/icons/apple-touch-startup-image-1242x2148.png"
      media="(device-width: 414px) and (device-height: 736px) and (orientation: portrait) and (-webkit-device-pixel-ratio: 3)"
      rel="apple-touch-startup-image"
    />
    <link
      href="/icons/apple-touch-startup-image-748x1024.png"
      media="(device-width: 768px) and (device-height: 1024px) and (orientation: landscape) and (-webkit-device-pixel-ratio: 1)"
      rel="apple-touch-startup-image"
    />
    <link
      href="/icons/apple-touch-startup-image-1496x2048.png"
      media="(device-width: 768px) and (device-height: 1024px) and (orientation: landscape) and (-webkit-device-pixel-ratio: 2)"
      rel="apple-touch-startup-image"
    />
    <link
      href="/icons/apple-touch-startup-image-768x1004.png"
      media="(device-width: 768px) and (device-height: 1024px) and (orientation: portrait) and (-webkit-device-pixel-ratio: 1)"
      rel="apple-touch-startup-image"
    />
    <link
      href="/icons/apple-touch-startup-image-1536x2008.png"
      media="(device-width: 768px) and (device-height: 1024px) and (orientation: portrait) and (-webkit-device-pixel-ratio: 2)"
      rel="apple-touch-startup-image"
    />
    <link
      href="/icons/favicon-16x16.png"
      rel="icon"
      sizes="16x16"
      type="image/png"
    />
    <link
      href="/icons/coast-228x228.png"
      rel="icon"
      sizes="228x228"
      type="image/png"
    />
    <link
      href="/icons/favicon-32x32.png"
      rel="icon"
      sizes="32x32"
      type="image/png"
    />
    <link
      href="/icons/manifest.json"
      rel="manifest"
    />
    <link
      href="/icons/favicon.ico"
      rel="shortcut icon"
    />
    <meta
      content="yes"
      name="apple-mobile-web-app-capable"
    />
    <meta
      content="black-translucent"
      name="apple-mobile-web-app-status-bar-style"
    />
    <meta
      content="Swedbank Pay App"
      name="apple-mobile-web-app-title"
    />
    <meta
      content="Swedbank Pay App"
      name="application-name"
    />
    <meta
      content="yes"
      name="mobile-web-app-capable"
    />
    <meta
      content="#000"
      name="msapplication-TileColor"
    />
    <meta
      content="/icons/mstile-144x144.png"
      name="msapplication-TileImage"
    />
    <meta
      content="/icons/browserconfig.xml"
      name="msapplication-config"
    />
    <meta
      content="#000"
      name="theme-color"
    />
  </ComponentPreview>
</Fragment>
`;

exports[`Core: Favicons OverviewLogos renders 1`] = `
<Fragment>
  <h2
    id="overview"
  >
    Overview
  </h2>
  <p>
    All logo variations are provided as both 
    <CodeTags
      code=".svg"
      type="secondary"
    />
     and 
    <CodeTags
      code=".png"
      type="secondary"
    />
     files.
  </p>
</Fragment>
`;

exports[`Core: Favicons ResourcesLogotype renders 1`] = `
<div
  className="expandable"
>
  <button
    aria-controls="resources-typograpy-body"
    aria-expanded="false"
    className="expandable-header"
    type="button"
  >
    <span
      className="expandable-headline"
    >
      Logotype guidelines
    </span>
    <small
      className="expandable-subtitle"
    >
      From 
      <Link
        to="/res/resources/logotype"
      >
        logotype in Resources
      </Link>
    </small>
  </button>
  <div
    className="expandable-body"
    id="resources-typography-body"
  >
    <Overview />
    <Download />
    <Guidelines />
  </div>
</div>
`;

exports[`Core: Favicons VerticalLogo renders 1`] = `
<Fragment>
  <h2
    id="vertical-logo"
  >
    Vertical logo
  </h2>
  <p>
    The vertical logo is provided in both positive and negative versions
  </p>
  <h3>
    Positive vertical logo
  </h3>
  <ComponentPreview
    codeFigure={true}
    language="html"
    showCasePanel={true}
  >
    <img
      alt="Swedbank Pay vertical logo"
      src="/TEST/img/swedbankpay-logo-v.svg"
    />
  </ComponentPreview>
  <ComponentPreview
    codeFigure={true}
    language="html"
    showCasePanel={true}
  >
    <img
      alt="Swedbank Pay vertical logo"
      src="/TEST/img/swedbankpay-logo-v.png"
    />
  </ComponentPreview>
  <h3>
    Negative vertical logo
  </h3>
  <ComponentPreview
    codeFigure={true}
    language="html"
    negative={true}
    showCasePanel={true}
  >
    <img
      alt="Swedbank Pay negative vertical logo"
      src="/TEST/img/swedbankpay-logo-v-neg.svg"
    />
  </ComponentPreview>
  <ComponentPreview
    codeFigure={true}
    language="html"
    negative={true}
    showCasePanel={true}
  >
    <img
      alt="Swedbank Pay negative vertical logo"
      src="/TEST/img/swedbankpay-logo-v-neg.png"
    />
  </ComponentPreview>
</Fragment>
`;

exports[`Core: Favicons renders 1`] = `
<DocContainer
  docToc={true}
>
  <p
    className="lead"
  >
    Swedbank Pay logo variations
  </p>
  <ResourcesLogotype />
  <OverviewLogos />
  <HorizontalLogo />
  <OurFavicon />
</DocContainer>
`;
