// Jest Snapshot v1, https://goo.gl/fbAQLP

exports[`Utilities: DeprecatedComponentAlert renders 1`] = `
<Alert
  type="danger"
>
  <h3
    className="text-danger"
  >
    Component deprecated!
  </h3>
  <p>
    This component has been deprecated and should not be used!
  </p>
</Alert>
`;
