// Jest Snapshot v1, https://goo.gl/fbAQLP

exports[`GettingStarted: BrowserSupport renders 1`] = `
<DocContainer>
  <style
    dangerouslySetInnerHTML={
      Object {
        "__html": "
            .browser-icon {
                height: 48px;
                width: 48px;
            }
        ",
      }
    }
  />
  <p
    className="lead"
  >
    Currently supported browsers:
  </p>
  <table
    className="browser-support-table table"
  >
    <thead>
      <tr>
        <th>
          <img
            alt="Google Chrome Icon"
            className="browser-icon"
            src=""
          />
        </th>
        <th>
          <img
            alt="Mozilla Firefox Icon"
            className="browser-icon"
            src=""
          />
        </th>
        <th>
          <img
            alt="Microsoft Edge Icon"
            className="browser-icon"
            src=""
          />
        </th>
        <th>
          <img
            alt="Microsoft Internet Explorer Icon"
            className="browser-icon"
            src=""
          />
        </th>
        <th>
          <img
            alt="Opera Browser Icon"
            className="browser-icon"
            src=""
          />
        </th>
        <th>
          <img
            alt="Apple Safari Icon"
            className="browser-icon"
            src=""
          />
        </th>
      </tr>
    </thead>
    <tbody>
      <tr>
        <td
          className="background-brand"
        >
          Yes
        </td>
        <td
          className="background-warning"
        >
          Yes
        </td>
        <td
          className="background-warning"
        >
          Yes
        </td>
        <td
          className="background-warning"
        >
          11
        </td>
        <td
          className="background-warning"
        >
          Yes
        </td>
        <td
          className="background-warning"
        >
          Yes
        </td>
      </tr>
    </tbody>
  </table>
</DocContainer>
`;
