// Jest Snapshot v1, https://goo.gl/fbAQLP

exports[`Examples: Customers renders 1`] = `
<DocContainer>
  <h2
    id="customers-overview"
  >
    Customers overview
  </h2>
  <ComponentPreview
    codeFigure={true}
    language="html"
    showCasePanel={true}
  >
    <CustomersOverview
      customersList={
        Array [
          Object {
            "email": "sven.svensson@email.com",
            "firstName": "Sven",
            "id": "c1",
            "lastName": "Svensson",
            "location": "Visby",
            "phone": "+47 *** ** ***",
            "status": "default",
          },
          Object {
            "email": "anna.svensson@email.com",
            "firstName": "Anna",
            "id": "c2",
            "lastName": "Svensson",
            "location": "Stockholm",
            "phone": "+47 *** ** ***",
            "status": "success",
          },
          Object {
            "email": "ola.nordmann@email.com",
            "firstName": "Ola",
            "id": "c3",
            "lastName": "Nordmann",
            "location": "Oslo",
            "phone": "+47 *** ** ***",
            "status": "success",
          },
          Object {
            "email": "kari.nordmann@email.com",
            "firstName": "Kari",
            "id": "c4",
            "lastName": "Nordmann",
            "location": "Bergen",
            "phone": "+47 *** ** ***",
            "status": "warning",
          },
          Object {
            "email": "holger.danske@email.com",
            "firstName": "Holger",
            "id": "c5",
            "lastName": "Danske",
            "location": "Copenhagen",
            "phone": "+47 *** ** ***",
            "status": "danger",
          },
          Object {
            "email": "matti.meikalainen@email.com",
            "firstName": "Matti",
            "id": "c6",
            "lastName": "Meikäläinen",
            "location": "Lahti",
            "phone": "+47 *** ** ***",
            "status": "success",
          },
          Object {
            "email": "helma.egilsdottir@email.com",
            "firstName": "Helma",
            "id": "c7",
            "lastName": "Egilsdóttir",
            "location": "Reykjavík",
            "phone": "+47 *** ** ***",
            "status": "default",
          },
        ]
      }
      setCustomerIndex={[Function]}
      statusText={
        Object {
          "danger": "Missing",
          "default": "New",
          "success": "Delivered",
          "warning": "Late",
        }
      }
    />
  </ComponentPreview>
  <CustomersDetailed
    customer={
      Object {
        "email": "sven.svensson@email.com",
        "firstName": "Sven",
        "id": "c1",
        "lastName": "Svensson",
        "location": "Visby",
        "phone": "+47 *** ** ***",
        "status": "default",
      }
    }
    customersDetailedActionList={
      Array [
        Object {
          "icon": "edit",
          "name": "Edit",
        },
        Object {
          "icon": "delete",
          "name": "Delete",
        },
      ]
    }
    customersDetailedTabs={
      Array [
        Object {
          "component": <React.Fragment />,
          "name": "Order history",
        },
        Object {
          "component": <React.Fragment />,
          "name": "Customer inquiries",
        },
        Object {
          "component": <React.Fragment />,
          "name": "Summary charts",
        },
        Object {
          "component": <React.Fragment />,
          "name": "Settings",
        },
      ]
    }
    statusText={
      Object {
        "danger": "Missing",
        "default": "New",
        "success": "Delivered",
        "warning": "Late",
      }
    }
  />
</DocContainer>
`;
